// Jest Snapshot v1, https://goo.gl/fbAQLP

exports[`should render Header correctly 1`] = `
<div>
  <header>
    Expensify App
  </header>
  <NavLink
    activeClassName="selected-menu"
    aria-current="page"
    exact={true}
    to="/"
  >
    Home
  </NavLink>
  <NavLink
    activeClassName="selected-menu"
    aria-current="page"
    to="/create"
  >
    Add Expense
  </NavLink>
  <NavLink
    activeClassName="selected-menu"
    aria-current="page"
    to="/help"
  >
    Help
  </NavLink>
</div>
`;
